TASKING C166/ST10 linker/locator v8.7r1 Build 268           Date: Sep 28 2023  Time: 15:14:00  Page:   1
project_gerlach_linhsen_matthaei

Memory map     : 

Name                        No. Start      End        Length  Type Algn Comb Mem T Group           Class             Module        
------------------------------------------------------------------------------------------------------------------------------------
C166_US2...................  14 00C000h    .......    000000h LDAT WORD GUSK RAM ................. CUSTACK.......... CSTART........
C166_US1...................  13 00C000h    .......    000000h LDAT WORD GUSK RAM ................. CUSTACK.......... CSTART........
C166_US0...................  12 00C000h    .......    000000h LDAT WORD GUSK RAM ................. CUSTACK.......... CSTART........
C166_US....................   1 00C000h    00C1ABh    0001ACh LDAT WORD GUSK RAM ................. CUSTACK.......... ADC0_C........
                                                                                                                     MAIN_C........
                                                                                                                     SCS_C.........
                                                                                                                     CSTART........
                                                                                                                     SIN_C.........
                                                                                                                     _SINUS_C......
                                                                                                                     adf8..........
                                                                                                                     cfi82.........
                                                                                                                     cfi84.........
                                                                                                                     cfu82.........
                                                                                                                     mlf8..........
                                                                                                                     dvf8..........
                                                                                                                     trpf8.........
                                                                                                                     load8n........
                                                                                                                     SDIL..........
                                                                                                                     UDIL..........
MAIN_ID_NB.................   3 00C1ACh    00C1DFh    000034h LDAT WORD GLOB RAM ................. CINITIRAM........ MAIN_C........
MAIN_5_NB..................   6 00C1E0h    00CFEFh    000E10h LDAT WORD GLOB RAM ................. CNEAR............ MAIN_C........
GPT1_ID_NB.................  19 00CFF0h    00CFF5h    000006h LDAT WORD GLOB RAM ................. CINITIRAM........ GPT1_C........
GPT2_ID_NB.................  22 00CFF6h    00CFF7h    000002h LDAT WORD GLOB RAM ................. CINITIRAM........ GPT2_C........
__FP_ENV_BUF...............  29 00CFF8h    00D007h    000010h LDAT WORD GLOB RAM ................. CNEAR............ trap..........
Internal IO area........... ... 00E000h    00EFFFh    001000h .... .... .... RAM ................. ................. ..............
Extended SFR Area.......... ... 00F000h    00F1FFh    000200h .... .... .... RAM ................. ................. ..............
Reserved................... ... 00F200h    00F5FFh    000400h .... .... .... ... ................. ................. ..............
Reg. bank 0................ ... 00F600h    00F61Fh    000020h .... WORD .... RAM ................. ................. ..............
Reg. bank 1................ ... 00F620h    00F63Fh    000020h .... WORD .... RAM ................. ................. ..............
Reg. bank 2................ ... 00F640h    00F65Fh    000020h .... WORD .... RAM ................. ................. ..............
Reg. bank 3................ ... 00F660h    00F67Fh    000020h .... WORD .... RAM ................. ................. ..............
C166_SYSSTACK..............  15 00FA00h    00FBFFh    000200h HDAT WORD SSTK RAM ................. ................. CSTART........
SFR Area................... ... 00FE00h    00FFFFh    000200h .... .... .... RAM ................. ................. ..............
Reserved................... ... BF0000h    BFFFFFh    010000h .... .... .... ... ................. ................. ..............
?INTVECT................... ... C00000h    C001FFh    000200h .... .... .... ROM ................. ................. ..............
MAIN_4_CO..................   5 C00200h    C00239h    00003Ah LDAT WORD GLOB ROM ................. CROM............. MAIN_C........
_SINUS_2_CO................  26 C0023Ah    C002A9h    000070h LDAT WORD GLOB ROM ................. CROM............. _SINUS_C......
ADC0_1_PR..................   0 C002AAh    C003E3h    00013Ah CODE WORD GLOB ROM ................. CPROGRAM......... ADC0_C........
MAIN_IR_NB.................   2 C003E4h    C00417h    000034h PDAT WORD GLOB ROM ................. CINITROM......... MAIN_C........
MAIN_3_PR..................   4 C00418h    C00A27h    000610h CODE WORD GLOB ROM ................. CPROGRAM......... MAIN_C........
C166_INIT..................   7 C00A28h    C00A4Dh    000026h PDAT WORD GLOB ROM ................. CINITROM......... MAIN_C........
                                                                                                                     GPT1_C........
                                                                                                                     GPT2_C........
C166_BSS...................   8 C00A4Eh    C00A5Dh    000010h PDAT WORD GLOB ROM ................. CINITROM......... MAIN_C........
                                                                                                                     trap..........
SCS_1_PR...................   9 C00A5Eh    C00BBFh    000162h CODE WORD GLOB ROM ................. CPROGRAM......... SCS_C.........
__C_INIT_PR................  10 C00BC0h    C00D33h    000174h CODE WORD GLOB ROM ................. C_INIT........... CSTART........
__CSTART_PR................  11 C00D34h    C00DF1h    0000BEh CODE WORD GLOB ROM ................. CPROGRAM......... CSTART........
IO_1_PR....................  16 C00DF2h    C00E03h    000012h CODE WORD GLOB ROM ................. CPROGRAM......... IO_C..........
CCU63_1_PR.................  17 C00E04h    C00FC7h    0001C4h CODE WORD GLOB ROM ................. CPROGRAM......... CCU63_C.......
GPT1_IR_NB.................  18 C00FC8h    C00FCDh    000006h PDAT WORD GLOB ROM ................. CINITROM......... GPT1_C........
GPT1_3_PR..................  20 C00FCEh    C011BBh    0001EEh CODE WORD GLOB ROM ................. CPROGRAM......... GPT1_C........
GPT2_IR_NB.................  21 C011BCh    C011BDh    000002h PDAT WORD GLOB ROM ................. CINITROM......... GPT2_C........
TASKING C166/ST10 linker/locator v8.7r1 Build 268           Date: Sep 28 2023  Time: 15:14:00  Page:   2
project_gerlach_linhsen_matthaei

GPT2_3_PR..................  23 C011BEh    C01301h    000144h CODE WORD GLOB ROM ................. CPROGRAM......... GPT2_C........
SIN_1_PR...................  24 C01302h    C01341h    000040h CODE WORD GLOB ROM ................. CLIBRARY......... SIN_C.........
_SINUS_1_PR................  25 C01342h    C0169Fh    00035Eh CODE WORD GLOB ROM ................. CLIBRARY......... _SINUS_C......
__MODF.....................  27 C016A0h    C0180Fh    000170h CODE WORD GLOB ROM ................. RTLIBRARY........ MODF..........
__FPCODE...................  28 C01810h    C02345h    000B36h CODE WORD GLOB ROM ................. CPROGRAM......... adf8..........
                                                                                                                     cff48.........
                                                                                                                     cfi82.........
                                                                                                                     cfi84.........
                                                                                                                     cfu82.........
                                                                                                                     cif24.........
                                                                                                                     cif28.........
                                                                                                                     cif48.........
                                                                                                                     cmf8..........
                                                                                                                     mlf4..........
                                                                                                                     mlf8..........
                                                                                                                     dvf8..........
                                                                                                                     ngf8..........
                                                                                                                     get2f4........
                                                                                                                     get2f8........
                                                                                                                     putf4.........
                                                                                                                     putf8.........
                                                                                                                     trpf4.........
                                                                                                                     trpf8.........
                                                                                                                     load8n........
                                                                                                                     trap..........
__MUL......................  30 C02346h    C0235Dh    000018h CODE WORD COMM ROM ................. SHAREDRTLIB...... MUL...........
__SDIL.....................  31 C0235Eh    C02387h    00002Ah CODE WORD COMM ROM ................. SHAREDRTLIB...... SDIL..........
__UDIL.....................  32 C02388h    C02409h    000082h CODE WORD COMM ROM ................. SHAREDRTLIB...... UDIL..........
__LONGJMP..................  33 C0240Ah    C0242Bh    000022h CODE WORD GLOB ROM ................. RTLIBRARY........ LONGJMP.......
Reserved................... ... C0F000h    C0FFFFh    001000h .... .... .... ... ................. ................. ..............


Symbol table   : adc0.obj(ADC0_C)

Symbol                                     No. Value     Type       Symbol                                     No. Value     Type   
----------------------------------------------------------------    ----------------------------------------------------------------
 <NO NAME>................................ ... 0000000h  REG LOC    _ADC0_vInit...............................   0 0C002AAh  FAR GLB
_ADC0_vStartSeq0ReqChNum..................   0 0C0038Eh  FAR GLB    


Symbol table   : main.obj(MAIN_C)

Symbol                                     No. Value     Type       Symbol                                     No. Value     Type   
----------------------------------------------------------------    ----------------------------------------------------------------
 <NO NAME>................................ ... 0000000h  REG LOC    _ADC0_vInit...............................   0 0C002AAh  FAR EXT
_ADC0_vStartSeq0ReqChNum..................   0 0C0038Eh  FAR EXT    _CCU63_vInit..............................  17 0C00E04h  FAR EXT
_DC_brake.................................   3 000C1D4h  WOR GLB    _GPT1_vInit...............................  20 0C00FCEh  FAR EXT
_GPT2_vInit...............................  23 0C011BEh  FAR EXT    _IO_vInit.................................  16 0C00DF2h  FAR EXT
_MAIN_vChangeFreq.........................   4 0C004E6h  FAR GLB    _MAIN_vInit...............................   4 0C00418h  FAR GLB
_MAIN_vLockProtecReg......................   4 0C0048Ch  FAR GLB    _MAIN_vUnlockProtecReg....................   4 0C00452h  FAR GLB
_OUTPUT_FREQUENCY.........................   3 000C1ACh  WOR GLB    _PI_controller............................   4 0C00956h  FAR GLB
_SCS_StartXtalOsc.........................   9 0C00AC0h  FAR EXT    _SCS_SwitchSystemClock....................   9 0C00AE0h  FAR EXT
_SCS_SwitchToHighPrecBandgap..............   9 0C00B44h  FAR EXT    _TYLER....................................   3 000C1AEh  WOR GLB
__CSTART..................................  11 0C00D34h  FAR EXT    __adf8r...................................  28 0C0185Ah  FAR EXT
__cff48r..................................  28 0C0198Eh  FAR EXT    __cfi82r..................................  28 0C019FEh  FAR EXT
__cfi84r..................................  28 0C01A6Ch  FAR EXT    __cfu82r..................................  28 0C01AE6h  FAR EXT
__cif28r..................................  28 0C01B46h  FAR EXT    __cif48r..................................  28 0C01BAAh  FAR EXT
TASKING C166/ST10 linker/locator v8.7r1 Build 268           Date: Sep 28 2023  Time: 15:14:00  Page:   3
project_gerlach_linhsen_matthaei

__cuf24r..................................  28 0C01B28h  FAR EXT    __cuf28r..................................  28 0C01B60h  FAR EXT
__dvf8r...................................  28 0C01F2Eh  FAR EXT    __load8n..................................  28 0C02306h  FAR EXT
__mlf4r...................................  28 0C01CE6h  FAR EXT    __mlf8r...................................  28 0C01DAAh  FAR EXT
__mul.....................................  30 0C02346h  FAR EXT    __sdil....................................  31 0C0235Eh  FAR EXT
_amplitude................................   3 000C1C8h  WOR GLB    _calculateAmplitude.......................   4 0C008FEh  FAR GLB
_calculateNewFrequency....................   4 0C0085Ch  FAR GLB    _calculateTimerPeriod.....................   4 0C0083Ah  FAR GLB
_calculateTrianglePeriod..................   4 0C007FAh  FAR GLB    _counter..................................   3 000C1DCh  WOR GLB
_direction................................   3 000C1CEh  WOR GLB    _e_k_minus1...............................   3 000C1DAh  WOR GLB
_f_target.................................   3 000C1CAh  WOR GLB    _generateSinus............................   4 0C0071Eh  FAR GLB
_main.....................................   4 0C00516h  FAR GLB    _newFrequency.............................   3 000C1CCh  WOR GLB
_omega_el.................................   3 000C1D6h  WOR GLB    _readADC..................................   3 000C1D2h  WOR GLB
_resultADC................................   3 000C1D0h  WOR GLB    _sin......................................  24 0C01302h  FAR EXT
_sinsuTableLongInt........................   6 000C1E0h  WOR GLB    _sinus....................................   3 000C1B2h  WOR GLB
_sinusOffset..............................   3 000C1BEh  WOR GLB    _sinusTimerPeriod.........................   3 000C1C4h  WOR GLB
_trajectory...............................   3 000C1DEh  WOR GLB    _triangle_period..........................   3 000C1C6h  WOR GLB
_u_car....................................   3 000C1C2h  WOR GLB    _y_I_k_minus1.............................   3 000C1D8h  WOR GLB



Symbol table   : scs.obj(SCS_C)

Symbol                                     No. Value     Type       Symbol                                     No. Value     Type   
----------------------------------------------------------------    ----------------------------------------------------------------
 <NO NAME>................................ ... 0000000h  REG LOC    _DisableVcoBypass.........................   9 0C00A9Ch  FAR GLB
_EnableVcoBypass..........................   9 0C00A84h  FAR GLB    _SCS_CountClocksWithTimer.................   9 0C00B52h  FAR GLB
_SCS_StartXtalOsc.........................   9 0C00AC0h  FAR GLB    _SCS_SwitchSystemClock....................   9 0C00AE0h  FAR GLB
_SCS_SwitchToHighPrecBandgap..............   9 0C00B44h  FAR GLB    _SetK2....................................   9 0C00A5Eh  FAR GLB
_WaitForTimer13Stop.......................   9 0C00AB4h  FAR GLB    


Symbol table   : start_master.obj(CSTART)

Symbol                                     No. Value     Type       Symbol                                     No. Value     Type   
----------------------------------------------------------------    ----------------------------------------------------------------
?BASE_DPP0................................ ABS 0400000h  WOR EXT    ?BASE_DPP1................................ ABS 0404000h  WOR EXT
?BASE_DPP2................................ ABS 0C00000h  WOR EXT    ?C166_BSS_HEAD............................   8 0C00A4Eh  WOR EXT
?C166_INIT_HEAD...........................   7 0C00A28h  WOR EXT    ?SYSSTACK_BOTTOM.......................... ABS 000FA00h  WOR EXT
?SYSSTACK_TOP............................. ABS 000FC00h  WOR EXT    ?USRSTACK0_BOTTOM.........................  12 000C000h  WOR EXT
?USRSTACK0_TOP............................  12 000C000h  WOR EXT    ?USRSTACK1_BOTTOM.........................  13 000C000h  WOR EXT
?USRSTACK1_TOP............................  13 000C000h  WOR EXT    ?USRSTACK_BOTTOM..........................   1 000C000h  WOR EXT
?USRSTACK_TOP.............................   1 000C1ACh  WOR EXT    CSTART_RBANK.............................. ... 000F600h  REG LOC
__CSTART..................................  11 0C00D34h  FAR GLB    __CSTART_INUM............................. ... 0000000h  INT GLB
__CSTART_TASK.............................  11 0C00D34h  TSK LOC    __C_INIT..................................  10 0C00BC0h  FAR GLB
__EXIT....................................  11 0C00DECh  FAR GLB    __IDLE....................................  11 0C00DECh  FAR GLB
_main.....................................   4 0C00516h  FAR EXT    


Symbol table   : io.obj(IO_C)

Symbol                                     No. Value     Type       Symbol                                     No. Value     Type   
----------------------------------------------------------------    ----------------------------------------------------------------
 <NO NAME>................................ ... 0000000h  REG LOC    _IO_vInit.................................  16 0C00DF2h  FAR GLB



Symbol table   : ccu63.obj(CCU63_C)

TASKING C166/ST10 linker/locator v8.7r1 Build 268           Date: Sep 28 2023  Time: 15:14:00  Page:   4
project_gerlach_linhsen_matthaei

Symbol                                     No. Value     Type       Symbol                                     No. Value     Type   
----------------------------------------------------------------    ----------------------------------------------------------------
?BASE_DPP0................................ ABS 0400000h  WOR EXT    ?BASE_DPP2................................ ABS 0C00000h  WOR EXT
CCU63_INUM................................ ... 000003Ch  INT GLB    CCU63_RB.................................. ... 000F620h  REG LOC
CCU63_TASK................................  17 0C00EC0h  TSK LOC    _CCU63_vInit..............................  17 0C00E04h  FAR GLB
_CCU63_viNodeI0...........................  17 0C00EC0h  FAR GLB    _TYLER....................................   3 000C1AEh  WOR EXT
__sdil....................................  31 0C0235Eh  FAR EXT    _direction................................   3 000C1CEh  WOR EXT
_sinus....................................   3 000C1B2h  WOR EXT    _sinusOffset..............................   3 000C1BEh  WOR EXT



Symbol table   : gpt1.obj(GPT1_C)

Symbol                                     No. Value     Type       Symbol                                     No. Value     Type   
----------------------------------------------------------------    ----------------------------------------------------------------
?BASE_DPP0................................ ABS 0400000h  WOR EXT    ?BASE_DPP2................................ ABS 0C00000h  WOR EXT
GPT1_INUM................................. ... 0000021h  INT GLB    GPT1_INUM_1............................... ... 0000020h  INT GLB
GPT1_RB................................... ... 000F640h  REG LOC    GPT1_TASK.................................  20 0C0101Ah  TSK LOC
GPT1_TASK_1...............................  20 0C0112Ch  TSK LOC    _GPT1_vInit...............................  20 0C00FCEh  FAR GLB
_GPT1_viTmr2..............................  20 0C0112Ch  FAR GLB    _GPT1_viTmr3..............................  20 0C0101Ah  FAR GLB
__mul.....................................  30 0C02346h  FAR EXT    _amplitude................................   3 000C1C8h  WOR EXT
_counterGPT1..............................  19 000CFF0h  WOR GLB    _phaseOffset..............................  19 000CFF2h  WOR GLB
_readADC..................................   3 000C1D2h  WOR EXT    _sinsuTableLongInt........................   6 000C1E0h  WOR EXT
_sinus....................................   3 000C1B2h  WOR EXT    _sinusTimerPeriod.........................   3 000C1C4h  WOR EXT
_tMeasure.................................  19 000CFF4h  WOR GLB    


Symbol table   : gpt2.obj(GPT2_C)

Symbol                                     No. Value     Type       Symbol                                     No. Value     Type   
----------------------------------------------------------------    ----------------------------------------------------------------
?BASE_DPP0................................ ABS 0400000h  WOR EXT    ?BASE_DPP2................................ ABS 0C00000h  WOR EXT
GPT2_INUM................................. ... 0000024h  INT GLB    GPT2_RB................................... ... 000F660h  REG LOC
GPT2_TASK.................................  23 0C011FAh  TSK LOC    _GPT2_vInit...............................  23 0C011BEh  FAR GLB
_GPT2_viTmr6..............................  23 0C011FAh  FAR GLB    _counter..................................   3 000C1DCh  WOR EXT
_increments...............................  22 000CFF6h  WOR GLB    _omega_el.................................   3 000C1D6h  WOR EXT
_trajectory...............................   3 000C1DEh  WOR EXT    


Symbol table   : sin.obj(SIN_C)

Symbol                                     No. Value     Type       Symbol                                     No. Value     Type   
----------------------------------------------------------------    ----------------------------------------------------------------
 <NO NAME>................................ ... 0000000h  REG LOC    __sinus...................................  25 0C01342h  FAR EXT
__store8n.................................  28 0C0231Eh  FAR EXT    _sin......................................  24 0C01302h  FAR GLB



Symbol table   : _sinus.obj(_SINUS_C)

Symbol                                     No. Value     Type       Symbol                                     No. Value     Type   
----------------------------------------------------------------    ----------------------------------------------------------------
 <NO NAME>................................ ... 0000000h  REG LOC    __adf8r...................................  28 0C0185Ah  FAR EXT
__cfi82r..................................  28 0C019FEh  FAR EXT    __cif28r..................................  28 0C01B46h  FAR EXT
__cmf8r...................................  28 0C01C28h  FAR EXT    __dvf8r...................................  28 0C01F2Eh  FAR EXT
__load8n..................................  28 0C02306h  FAR EXT    __mlf8r...................................  28 0C01DAAh  FAR EXT
__ngf8r...................................  28 0C020F2h  FAR EXT    __sbf8r...................................  28 0C01852h  FAR EXT
TASKING C166/ST10 linker/locator v8.7r1 Build 268           Date: Sep 28 2023  Time: 15:14:00  Page:   5
project_gerlach_linhsen_matthaei

__sinus...................................  25 0C01342h  FAR GLB    __store8n.................................  28 0C0231Eh  FAR EXT
_modf.....................................  27 0C016A0h  FAR EXT    


Symbol table   : modf.obj(MODF)

Symbol                                     No. Value     Type       Symbol                                     No. Value     Type   
----------------------------------------------------------------    ----------------------------------------------------------------
 <NO NAME>................................ ... 0000000h  REG LOC    __dzersr..................................  28 0C0224Ch  FAR EXT
__get1f8r.................................  28 0C02176h  FAR EXT    __get2f8r.................................  28 0C02132h  FAR EXT
__putf8r..................................  28 0C0220Ch  FAR EXT    _modf.....................................  27 0C016A0h  FAR GLB



Symbol table   : adf8.obj(adf8)

Symbol                                     No. Value     Type       Symbol                                     No. Value     Type   
----------------------------------------------------------------    ----------------------------------------------------------------
 <NO NAME>................................ ... 0000000h  REG LOC    __adf8r...................................  28 0C0185Ah  FAR GLB
__dinfsr..................................  28 0C022A0h  FAR EXT    __dnansr..................................  28 0C022C2h  FAR EXT
__doprsr..................................  28 0C021F2h  FAR EXT    __dzersr..................................  28 0C0224Ch  FAR EXT
__get2f8r.................................  28 0C02132h  FAR EXT    __putf8r..................................  28 0C0220Ch  FAR EXT
__sbf8r...................................  28 0C01852h  FAR GLB    __sbf8rr..................................  28 0C01848h  FAR GLB



Symbol table   : cff48.obj(cff48)

Symbol                                     No. Value     Type       Symbol                                     No. Value     Type   
----------------------------------------------------------------    ----------------------------------------------------------------
 <NO NAME>................................ ... 0000000h  REG LOC    __cff48r..................................  28 0C0198Eh  FAR GLB
__dinfsr..................................  28 0C022A0h  FAR EXT    __dnansr..................................  28 0C022C2h  FAR EXT
__dzersr..................................  28 0C0224Ch  FAR EXT    __get1f4r.................................  28 0C0210Ch  FAR EXT
__putf8r..................................  28 0C0220Ch  FAR EXT    


Symbol table   : cfi82.obj(cfi82)

Symbol                                     No. Value     Type       Symbol                                     No. Value     Type   
----------------------------------------------------------------    ----------------------------------------------------------------
 <NO NAME>................................ ... 0000000h  REG LOC    __cfi82r..................................  28 0C019FEh  FAR GLB
__dcnvnan.................................  28 0C022F6h  FAR EXT    __fptrap8.................................  28 0C0232Eh  FAR EXT
__get1f8r.................................  28 0C02176h  FAR EXT    


Symbol table   : cfi84.obj(cfi84)

Symbol                                     No. Value     Type       Symbol                                     No. Value     Type   
----------------------------------------------------------------    ----------------------------------------------------------------
 <NO NAME>................................ ... 0000000h  REG LOC    __cfi84r..................................  28 0C01A6Ch  FAR GLB
__dcnvnan.................................  28 0C022F6h  FAR EXT    __fptrap8.................................  28 0C0232Eh  FAR EXT
__get1f8r.................................  28 0C02176h  FAR EXT    


Symbol table   : cfu82.obj(cfu82)

Symbol                                     No. Value     Type       Symbol                                     No. Value     Type   
TASKING C166/ST10 linker/locator v8.7r1 Build 268           Date: Sep 28 2023  Time: 15:14:00  Page:   6
project_gerlach_linhsen_matthaei

----------------------------------------------------------------    ----------------------------------------------------------------
 <NO NAME>................................ ... 0000000h  REG LOC    __cfu82r..................................  28 0C01AE6h  FAR GLB
__dcnvnan.................................  28 0C022F6h  FAR EXT    __fptrap8.................................  28 0C0232Eh  FAR EXT
__get1f8r.................................  28 0C02176h  FAR EXT    


Symbol table   : cif24.obj(cif24)

Symbol                                     No. Value     Type       Symbol                                     No. Value     Type   
----------------------------------------------------------------    ----------------------------------------------------------------
 <NO NAME>................................ ... 0000000h  REG LOC    __cif24r..................................  28 0C01B1Eh  FAR GLB
__cuf24r..................................  28 0C01B28h  FAR GLB    __putf4r..................................  28 0C021D4h  FAR EXT



Symbol table   : cif28.obj(cif28)

Symbol                                     No. Value     Type       Symbol                                     No. Value     Type   
----------------------------------------------------------------    ----------------------------------------------------------------
 <NO NAME>................................ ... 0000000h  REG LOC    __cif28r..................................  28 0C01B46h  FAR GLB
__cuf28r..................................  28 0C01B60h  FAR GLB    __dzersr..................................  28 0C0224Ch  FAR EXT
__putf8r..................................  28 0C0220Ch  FAR EXT    cuf28i....................................  28 0C01B72h  FAR GLB



Symbol table   : cif48.obj(cif48)

Symbol                                     No. Value     Type       Symbol                                     No. Value     Type   
----------------------------------------------------------------    ----------------------------------------------------------------
 <NO NAME>................................ ... 0000000h  REG LOC    __cif48r..................................  28 0C01BAAh  FAR GLB
__cuf28r..................................  28 0C01B60h  FAR EXT    __cuf48r..................................  28 0C01BD4h  FAR GLB
__putf8r..................................  28 0C0220Ch  FAR EXT    cuf28i....................................  28 0C01B72h  FAR EXT



Symbol table   : cmf8.obj(cmf8)

Symbol                                     No. Value     Type       Symbol                                     No. Value     Type   
----------------------------------------------------------------    ----------------------------------------------------------------
 <NO NAME>................................ ... 0000000h  REG LOC    __cmf8r...................................  28 0C01C28h  FAR GLB



Symbol table   : mlf4.obj(mlf4)

Symbol                                     No. Value     Type       Symbol                                     No. Value     Type   
----------------------------------------------------------------    ----------------------------------------------------------------
 <NO NAME>................................ ... 0000000h  REG LOC    __finfsr..................................  28 0C0225Eh  FAR EXT
__fnansr..................................  28 0C02274h  FAR EXT    __foprsr..................................  28 0C021C0h  FAR EXT
__frslsr..................................  28 0C021CAh  FAR EXT    __get2f4r.................................  28 0C020FCh  FAR EXT
__mlf4r...................................  28 0C01CE6h  FAR GLB    


Symbol table   : mlf8.obj(mlf8)

Symbol                                     No. Value     Type       Symbol                                     No. Value     Type   
----------------------------------------------------------------    ----------------------------------------------------------------
TASKING C166/ST10 linker/locator v8.7r1 Build 268           Date: Sep 28 2023  Time: 15:14:00  Page:   7
project_gerlach_linhsen_matthaei

 <NO NAME>................................ ... 0000000h  REG LOC    __dinfsr..................................  28 0C022A0h  FAR EXT
__dmlf8...................................  28 0C01DEEh  FAR GLB    __dnansr..................................  28 0C022C2h  FAR EXT
__doprsr..................................  28 0C021F2h  FAR EXT    __drslsr..................................  28 0C02202h  FAR EXT
__dzersr..................................  28 0C0224Ch  FAR EXT    __get2f8r.................................  28 0C02132h  FAR EXT
__mlf8r...................................  28 0C01DAAh  FAR GLB    


Symbol table   : dvf8.obj(dvf8)

Symbol                                     No. Value     Type       Symbol                                     No. Value     Type   
----------------------------------------------------------------    ----------------------------------------------------------------
 <NO NAME>................................ ... 0000000h  REG LOC    __ddvisr..................................  28 0C0229Ah  FAR EXT
__ddvnsr..................................  28 0C022BCh  FAR EXT    __dinfsr..................................  28 0C022A0h  FAR EXT
__dmlf8...................................  28 0C01DEEh  FAR EXT    __dnansr..................................  28 0C022C2h  FAR EXT
__doprsr..................................  28 0C021F2h  FAR EXT    __drslsr..................................  28 0C02202h  FAR EXT
__dunfsr..................................  28 0C022E0h  FAR EXT    __dvf8r...................................  28 0C01F2Eh  FAR GLB
__dvf8rr..................................  28 0C01F0Ch  FAR GLB    __dzersr..................................  28 0C0224Ch  FAR EXT
__get2f8r.................................  28 0C02132h  FAR EXT    


Symbol table   : ngf8.obj(ngf8)

Symbol                                     No. Value     Type       Symbol                                     No. Value     Type   
----------------------------------------------------------------    ----------------------------------------------------------------
 <NO NAME>................................ ... 0000000h  REG LOC    __ngf8r...................................  28 0C020F2h  FAR GLB



Symbol table   : get2f4.obj(get2f4)

Symbol                                     No. Value     Type       Symbol                                     No. Value     Type   
----------------------------------------------------------------    ----------------------------------------------------------------
 <NO NAME>................................ ... 0000000h  REG LOC    __get1f4r.................................  28 0C0210Ch  FAR GLB
__get2f4r.................................  28 0C020FCh  FAR GLB    


Symbol table   : get2f8.obj(get2f8)

Symbol                                     No. Value     Type       Symbol                                     No. Value     Type   
----------------------------------------------------------------    ----------------------------------------------------------------
 <NO NAME>................................ ... 0000000h  REG LOC    __get1f8r.................................  28 0C02176h  FAR GLB
__get2f8r.................................  28 0C02132h  FAR GLB    


Symbol table   : putf4.obj(putf4)

Symbol                                     No. Value     Type       Symbol                                     No. Value     Type   
----------------------------------------------------------------    ----------------------------------------------------------------
 <NO NAME>................................ ... 0000000h  REG LOC    __finfsr..................................  28 0C0225Eh  FAR EXT
__foprsr..................................  28 0C021C0h  FAR GLB    __frslsr..................................  28 0C021CAh  FAR GLB
__funfsr..................................  28 0C02282h  FAR EXT    __fzersr..................................  28 0C021E0h  FAR GLB
__ld0f4r..................................  28 0C021E0h  FAR GLB    __putf4r..................................  28 0C021D4h  FAR GLB



Symbol table   : putf8.obj(putf8)

TASKING C166/ST10 linker/locator v8.7r1 Build 268           Date: Sep 28 2023  Time: 15:14:00  Page:   8
project_gerlach_linhsen_matthaei

Symbol                                     No. Value     Type       Symbol                                     No. Value     Type   
----------------------------------------------------------------    ----------------------------------------------------------------
 <NO NAME>................................ ... 0000000h  REG LOC    __dinfsr..................................  28 0C022A0h  FAR EXT
__doprsr..................................  28 0C021F2h  FAR GLB    __drslsr..................................  28 0C02202h  FAR GLB
__dunfsr..................................  28 0C022E0h  FAR EXT    __dzersr..................................  28 0C0224Ch  FAR GLB
__putf8r..................................  28 0C0220Ch  FAR GLB    


Symbol table   : trpf4.obj(trpf4)

Symbol                                     No. Value     Type       Symbol                                     No. Value     Type   
----------------------------------------------------------------    ----------------------------------------------------------------
 <NO NAME>................................ ... 0000000h  REG LOC    __fcnvnan.................................  28 0C0228Eh  FAR GLB
__fdvisr..................................  28 0C0225Ah  FAR GLB    __fdvnsr..................................  28 0C02270h  FAR GLB
__finfsr..................................  28 0C0225Eh  FAR GLB    __fnansr..................................  28 0C02274h  FAR GLB
__fptrap4.................................  28 0C0232Eh  FAR EXT    __funfsr..................................  28 0C02282h  FAR GLB



Symbol table   : trpf8.obj(trpf8)

Symbol                                     No. Value     Type       Symbol                                     No. Value     Type   
----------------------------------------------------------------    ----------------------------------------------------------------
 <NO NAME>................................ ... 0000000h  REG LOC    __dcnvnan.................................  28 0C022F6h  FAR GLB
__ddvisr..................................  28 0C0229Ah  FAR GLB    __ddvnsr..................................  28 0C022BCh  FAR GLB
__dinfsr..................................  28 0C022A0h  FAR GLB    __dnansr..................................  28 0C022C2h  FAR GLB
__dunfsr..................................  28 0C022E0h  FAR GLB    __fptrap8.................................  28 0C0232Eh  FAR EXT
__putf8r..................................  28 0C0220Ch  FAR EXT    


Symbol table   : load8n.obj(load8n)

Symbol                                     No. Value     Type       Symbol                                     No. Value     Type   
----------------------------------------------------------------    ----------------------------------------------------------------
 <NO NAME>................................ ... 0000000h  REG LOC    __ldnoal8n................................  28 0C0230Ch  FAR GLB
__load8n..................................  28 0C02306h  FAR GLB    __store8n.................................  28 0C0231Eh  FAR GLB



Symbol table   : trap.obj(trap)

Symbol                                     No. Value     Type       Symbol                                     No. Value     Type   
----------------------------------------------------------------    ----------------------------------------------------------------
 <NO NAME>................................ ... 0000000h  REG LOC    __FPTRAPLOOP..............................  28 0C02342h  FAR GLB
__FP_ENV..................................  29 000CFF8h  WOR GLB    __fptrap4.................................  28 0C0232Eh  FAR GLB
__fptrap8.................................  28 0C0232Eh  FAR GLB    _longjmp..................................  33 0C0240Ah  FAR EXT



Symbol table   : mul.obj(MUL)

Symbol                                     No. Value     Type       Symbol                                     No. Value     Type   
----------------------------------------------------------------    ----------------------------------------------------------------
 <NO NAME>................................ ... 0000000h  REG LOC    __mul.....................................  30 0C02346h  FAR GLB



TASKING C166/ST10 linker/locator v8.7r1 Build 268           Date: Sep 28 2023  Time: 15:14:00  Page:   9
project_gerlach_linhsen_matthaei

Symbol table   : sdil.obj(SDIL)

Symbol                                     No. Value     Type       Symbol                                     No. Value     Type   
----------------------------------------------------------------    ----------------------------------------------------------------
 <NO NAME>................................ ... 0000000h  REG LOC    __sdil....................................  31 0C0235Eh  FAR GLB
__udil....................................  32 0C02388h  FAR EXT    


Symbol table   : udil.obj(UDIL)

Symbol                                     No. Value     Type       Symbol                                     No. Value     Type   
----------------------------------------------------------------    ----------------------------------------------------------------
 <NO NAME>................................ ... 0000000h  REG LOC    __udil....................................  32 0C02388h  FAR GLB



Symbol table   : longjmp.obj(LONGJMP)

Symbol                                     No. Value     Type       Symbol                                     No. Value     Type   
----------------------------------------------------------------    ----------------------------------------------------------------
 <NO NAME>................................ ... 0000000h  REG LOC    _longjmp..................................  33 0C0240Ah  FAR GLB



Interrupt table: 

Vector   Intno Start    Intnoname                                              Taskname                                             
------------------------------------------------------------------------------------------------------------------------------------
0C00000h 0000h 0C00D34h __CSTART_INUM......................................... __CSTART_TASK........................................
0C00080h 0020h 0C0112Ch GPT1_INUM_1........................................... GPT1_TASK_1..........................................
0C00084h 0021h 0C0101Ah GPT1_INUM............................................. GPT1_TASK............................................
0C00090h 0024h 0C011FAh GPT2_INUM............................................. GPT2_TASK............................................
0C000F0h 003Ch 0C00EC0h CCU63_INUM............................................ CCU63_TASK...........................................

Register banks : combination of register definitions

                 Reg. bank 0
                 0123456789ABCDEF
                 ^               
                 |................. CSTART_RBANK (CSTART) .................................................................... F600h


                 Reg. bank 1
                 0123456789ABCDEF
                 ^               
                 |................. CCU63_RB (CCU63_C) ....................................................................... F620h


                 Reg. bank 2
                 0123456789ABCDEF
                 ^               
                 |................. GPT1_RB (GPT1_C) ......................................................................... F640h


                 Reg. bank 3
                 0123456789ABCDEF
                 ^               
TASKING C166/ST10 linker/locator v8.7r1 Build 268           Date: Sep 28 2023  Time: 15:14:00  Page:  10
project_gerlach_linhsen_matthaei

                 |................. GPT2_RB (GPT2_C) ......................................................................... F660h



Locate summary : 

Class        Name          Size  Start
<NO NAME>    ?INTVECT      00200h C00000h 
             C166_SYSSTACK 00200h 00FA00h 
       Total class size: 0000400h

CINITIRAM    GPT1_ID_NB    00006h 00CFF0h 
             GPT2_ID_NB    00002h 00CFF6h 
             MAIN_ID_NB    00034h 00C1ACh 
       Total class size: 000003Ch

CPROGRAM     ADC0_1_PR     0013Ah C002AAh 
             CCU63_1_PR    001C4h C00E04h 
             GPT1_3_PR     001EEh C00FCEh 
             GPT2_3_PR     00144h C011BEh 
             IO_1_PR       00012h C00DF2h 
             MAIN_3_PR     00610h C00418h 
             SCS_1_PR      00162h C00A5Eh 
             __CSTART_PR   000BEh C00D34h 
             __FPCODE      00B36h C01810h 
       Total class size: 00019A8h

CINITROM     C166_BSS      00010h C00A4Eh 
             C166_INIT     00026h C00A28h 
             GPT1_IR_NB    00006h C00FC8h 
             GPT2_IR_NB    00002h C011BCh 
             MAIN_IR_NB    00034h C003E4h 
       Total class size: 0000072h

CNEAR        MAIN_5_NB     00E10h 00C1E0h 
             __FP_ENV_BUF  00010h 00CFF8h 
       Total class size: 0000E20h

CROM         MAIN_4_CO     0003Ah C00200h 
             _SINUS_2_CO   00070h C0023Ah 
       Total class size: 00000AAh

CLIBRARY     SIN_1_PR      00040h C01302h 
             _SINUS_1_PR   0035Eh C01342h 
       Total class size: 000039Eh

CUSTACK      C166_US       001ACh 00C000h 
             C166_US1      00000h 00C000h 
             C166_US2      00000h 00C000h 
             C166_US0      00000h 00C000h 
       Total class size: 00001ACh

C_INIT       __C_INIT_PR   00174h C00BC0h 
       Total class size: 0000174h

RTLIBRARY    __MODF        00170h C016A0h 
             __LONGJMP     00022h C0240Ah 
TASKING C166/ST10 linker/locator v8.7r1 Build 268           Date: Sep 28 2023  Time: 15:14:00  Page:  11
project_gerlach_linhsen_matthaei

       Total class size: 0000192h

SHAREDRTLIB  __MUL         00018h C02346h 
             __SDIL        0002Ah C0235Eh 
             __UDIL        00082h C02388h 
       Total class size: 00000C4h

Total size:              0003634h


	Number of symbols		: 1592
	Number of sections		: 35
	Number of groups		: 0
	Number of classes		: 10
	Number of modules		: 36
	Total section size		: 0003634h
	Total memory size		: 0344A04h
		consisting of RAM	: 0284A04h
		              ROM	: 00C0000h
	Total RAM filled		: 0001208h
	Total ROM filled		: 000242Ch
	System stack size		: 0000200h
	Heap size			: 0000000h
	User stack size			: 00001ACh
	Time spent			: 00:00:2.21

Error report   : total errors: 0, warnings: 0
